2026-07-23 00:49:14,687 [INFO] negi_framework: JEDDAH LST - NEGI FRAMEWORK
2026-07-23 00:49:14,689 [INFO] negi_framework: REPRODUCIBILITY INFORMATION
2026-07-23 00:49:14,689 [INFO] negi_framework:   random_seed         : 42
2026-07-23 00:49:14,689 [INFO] negi_framework:   python_version      : 3.12.10
2026-07-23 00:49:14,690 [INFO] negi_framework:   numpy_version       : 2.5.0
2026-07-23 00:49:14,690 [INFO] negi_framework:   xgboost_version     : 3.3.0
2026-07-23 00:49:14,690 [INFO] negi_framework:   sklearn_version     : 1.9.0
2026-07-23 00:49:14,690 [INFO] negi_framework:   pandas_version      : 3.0.3
2026-07-23 00:49:14,690 [INFO] negi_framework:   scipy_version       : 1.18.0
2026-07-23 00:49:14,690 [INFO] negi_framework:   timestamp_utc       : 2026-07-22T21:49:14.688672+00:00
2026-07-23 00:49:14,690 [INFO] negi_framework:   config_sha256       : 6597f7e9941f93d4
2026-07-23 00:49:14,694 [INFO] negi_framework: 
[STEP 1] Loading dataset...
2026-07-23 00:49:14,770 [INFO] negi_framework:   Loaded 27,234 rows from C:\Users\Nelly\Downloads\Jeddah_LST_Dataset_2023.csv
2026-07-23 00:49:14,830 [INFO] negi_framework:   Train: 21,803 rows | Test: 5,431 rows
2026-07-23 00:49:14,834 [INFO] negi_framework: 
[STEP 2] Fitting XGBoost model (RandomizedSearchCV)...
2026-07-23 00:50:10,554 [INFO] negi_framework: 
Best Parameters: {'subsample': 0.8, 'reg_lambda': 2, 'reg_alpha': 1.0, 'n_estimators': 100, 'min_child_weight': 1, 'max_depth': 6, 'learning_rate': 0.05, 'gamma': 0.1, 'colsample_bytree': 1.0}
2026-07-23 00:50:10,572 [INFO] negi_framework: Saved: C:\Users\Nelly\Desktop\Data\randomized_search_results.csv
2026-07-23 00:50:10,573 [INFO] negi_framework: 
[1] Inner tuning score - RandomizedSearchCV mean_test_score (GroupKFold, winning params): 0.543
2026-07-23 00:50:10,573 [INFO] negi_framework: 
[STEP 3] Evaluating model...
2026-07-23 00:50:10,573 [INFO] negi_framework: 
[STEP 3a] Nested GroupKFold CV (honest, leakage-free outer-fold R²)...
2026-07-23 00:50:42,110 [INFO] negi_framework:     Outer fold 1/5: nested R² = 0.539, RMSE = 1.78 °C (n=5447)
2026-07-23 00:51:14,985 [INFO] negi_framework:     Outer fold 2/5: nested R² = 0.546, RMSE = 1.76 °C (n=5447)
2026-07-23 00:51:43,847 [INFO] negi_framework:     Outer fold 3/5: nested R² = 0.512, RMSE = 1.75 °C (n=5447)
2026-07-23 00:52:11,350 [INFO] negi_framework:     Outer fold 4/5: nested R² = 0.572, RMSE = 1.78 °C (n=5447)
2026-07-23 00:52:43,670 [INFO] negi_framework:     Outer fold 5/5: nested R² = 0.544, RMSE = 1.77 °C (n=5446)
2026-07-23 00:52:43,721 [INFO] negi_framework: Saved: C:\Users\Nelly\Desktop\Data\nested_cv_summary.csv
2026-07-23 00:52:43,839 [INFO] negi_framework: Saved: C:\Users\Nelly\Desktop\Data\nested_cv_predictions.csv
2026-07-23 00:52:43,841 [INFO] negi_framework: 
[1] Headline metric - Nested GroupKFold CV R² (outer-fold predictions): 0.543 ± 0.019
2026-07-23 00:52:46,467 [INFO] negi_framework: 
[2] Repeated spatial-holdout R²   = 0.547 ± 0.011 (95% CI)
2026-07-23 00:52:46,468 [INFO] negi_framework:     Repeated spatial-holdout RMSE = 1.76 ± 0.01 °C (95% CI)
2026-07-23 00:52:46,468 [INFO] negi_framework:     Repeated spatial-holdout MAE  = 1.40 ± 0.01 °C (95% CI)
2026-07-23 00:52:46,522 [INFO] negi_framework: 
[3] Single untouched spatial-block holdout (confirmatory):
2026-07-23 00:52:46,523 [INFO] negi_framework:     RMSE: 1.7400 °C
2026-07-23 00:52:46,523 [INFO] negi_framework:     R²:   0.538
2026-07-23 00:52:46,523 [INFO] negi_framework:     MAE:  1.3752 °C
2026-07-23 00:52:46,602 [INFO] negi_framework: 
Overfitting check: Train R² = 0.584, Test R² = 0.538
2026-07-23 00:52:46,612 [INFO] negi_framework: Saved: C:\Users\Nelly\Desktop\Data\spatial_validation_summary.csv
2026-07-23 00:52:46,613 [INFO] negi_framework: 
Calibration slope = 0.985 (slope < 1 reflects expected regression toward the mean under spatial-block validation; no post-hoc recalibration applied).
2026-07-23 00:52:46,613 [INFO] negi_framework: Calibration intercept   : 0.8504 °C
2026-07-23 00:52:46,613 [INFO] negi_framework: Mean bias               : 0.1100 °C
2026-07-23 00:52:46,613 [INFO] negi_framework: Calibration diagnostics are reported descriptively only; no post-hoc recalibration was applied.
2026-07-23 00:52:47,993 [INFO] negi_framework: 
Bootstrap 95% CIs (1000 resamples, holdout predictions):
2026-07-23 00:52:47,995 [INFO] negi_framework:   rmse                  : 1.7400  95% CI: 1.7068-1.7745
2026-07-23 00:52:47,995 [INFO] negi_framework:   mae                   : 1.3752  95% CI: 1.3476-1.4032
2026-07-23 00:52:47,995 [INFO] negi_framework:   bias                  : 0.1100  95% CI: 0.0648-0.1579
2026-07-23 00:52:47,995 [INFO] negi_framework:   calibration_slope     : 0.9852  95% CI: 0.9617-1.0106
2026-07-23 00:52:47,996 [INFO] negi_framework:   calibration_intercept : 0.8504  95% CI: -0.4365-2.0331
2026-07-23 00:52:47,999 [INFO] negi_framework: Saved: C:\Users\Nelly\Desktop\Data\bootstrap_summary.csv
2026-07-23 00:52:47,999 [INFO] negi_framework: 
[STEP 4] Residual diagnostics...
2026-07-23 00:52:48,028 [INFO] negi_framework: 
Residual skewness       : -0.1872
2026-07-23 00:52:48,029 [INFO] negi_framework: Residual kurtosis       : 0.2970 (excess; 0 = normal)
2026-07-23 00:52:48,029 [INFO] negi_framework: 
Breusch-Pagan test (auxiliary-regression approximation (statsmodels unavailable)): statistic = 57.2008, p = 3.93e-14
2026-07-23 00:52:48,029 [INFO] negi_framework: Spearman |resid| vs pred: rho = -0.0964, p = 1.064e-12
2026-07-23 00:52:48,030 [INFO] negi_framework:   -> Statistically detectable but practically weak heteroscedasticity (|Spearman rho| < 0.15); likely driven by large sample size rather than a severe modelling problem.
2026-07-23 00:52:48,929 [INFO] negi_framework: 
Global Moran's I (holdout residuals): I = 0.5371 (expected under CSR = -0.0002), z = 83.664, p = 0
2026-07-23 00:52:48,930 [INFO] negi_framework:   -> Residual spatial dependence remained after spatial-block validation, indicating that some spatially structured variation in LST remains unexplained. Point estimates remain valid, but local prediction errors may exhibit spatial correlation and predictive performance should be interpreted with appropriate caution.
2026-07-23 00:52:48,930 [INFO] negi_framework: 
Holdout observations                : 5431
Residual Moran's I                   : 0.537
Approximate effective sample size    : 1636
Approximate reduction                : 70%
2026-07-23 00:52:48,939 [INFO] negi_framework: Saved: C:\Users\Nelly\Desktop\Data\calibration_metrics.csv
2026-07-23 00:52:48,957 [INFO] negi_framework: 
Calibration metrics table:
 Calibration slope  Calibration intercept  Mean bias (°C)  Pearson r  Pearson p                                                                                                                                                                                                                                                                        Intercept CI note
          0.985212                0.85037        0.110012   0.734708        0.0 Calibration intercept 95% CI likely spans zero because spatial block-holdout produces a slope < 1 (regression toward the mean), which numerically shifts the intercept upward to preserve overall mean agreement.  This does not indicate a systematic bias in the original predictions.
2026-07-23 00:52:48,958 [INFO] negi_framework: 
[STEP 5] Benchmark model comparison...
2026-07-23 00:52:48,958 [INFO] negi_framework: 
Note: XGBoost was optimized using RandomizedSearchCV. Benchmark models are included for contextual comparison and were intentionally not optimized to the same extent. Therefore, benchmark comparisons should be interpreted as contextual rather than evidence of global model superiority.
2026-07-23 00:52:48,958 [INFO] negi_framework: Running Linear Regression...
2026-07-23 00:52:48,978 [INFO] negi_framework: Running Random Forest...
2026-07-23 00:52:52,450 [INFO] negi_framework: Running Gradient Boosting...
2026-07-23 00:53:00,827 [INFO] negi_framework: Running XGBoost...
2026-07-23 00:53:00,851 [INFO] negi_framework: 
Model comparison:
2026-07-23 00:53:00,857 [INFO] negi_framework:                Model        R2  RMSE (°C)  MAE (°C)
3            XGBoost  0.537827   1.739991  1.375222
2  Gradient Boosting  0.528641   1.757197  1.403495
1      Random Forest  0.507900   1.795442  1.407143
0  Linear Regression  0.328592   2.097191  1.680144
2026-07-23 00:53:00,860 [INFO] negi_framework: Saved: C:\Users\Nelly\Desktop\Data\model_comparison.csv
2026-07-23 00:53:00,922 [INFO] negi_framework: 
[STEP 6] Permutation feature importance...
2026-07-23 00:53:08,728 [INFO] negi_framework: 
Permutation feature importance (mean ± SD over 10 outer seeds, 30 inner repeats each):
2026-07-23 00:53:08,740 [INFO] negi_framework:      Feature  Importance  Importance_Std  Importance_CI_Low  Importance_CI_High
1       NDBI    0.812920        0.003478           0.810764            0.815076
2  Elevation    0.378793        0.000929           0.378217            0.379369
0       NDVI    0.155095        0.001134           0.154393            0.155798
2026-07-23 00:53:08,742 [INFO] negi_framework: Note: Permutation importance reflects marginal predictive importance and may be influenced by correlated predictors (NDVI-NDBI r = -0.637).  Values are not additive.
2026-07-23 00:53:08,745 [INFO] negi_framework: Saved: C:\Users\Nelly\Desktop\Data\permutation_importance.csv
2026-07-23 00:53:08,766 [INFO] negi_framework: 
[STEP 7] Computing scenario trajectories...
2026-07-23 00:53:08,775 [INFO] negi_framework: 
Scenario axis: evaluated from observed median baseline NDVI (0.0876) to observed NDVI p95 target (0.1758).
2026-07-23 00:53:08,830 [INFO] negi_framework: 
NDVI-NDBI observed association (r = -0.637); empirical spline fitted on 18 binned points.
2026-07-23 00:53:10,544 [INFO] negi_framework: 
Scenario 1: The evaluated trajectory remains within the observed feature space throughout.
2026-07-23 00:53:10,544 [INFO] negi_framework: 
Scenario 2: The evaluated trajectory remains within the observed feature space throughout.
2026-07-23 00:53:10,544 [INFO] negi_framework: 
[STEP 8] Tree artifact / staircase diagnostics...
2026-07-23 00:53:10,550 [INFO] negi_framework: 
[STEP 9] Computing NEGI results...
2026-07-23 00:53:10,552 [INFO] negi_framework: 
Note: The surrogate predicts LST above the observed baseline across 68.6% of the Scenario 2 trajectory.  Scenario 2 follows an empirical NDVI-NDBI co-movement pathway; this pattern should not be interpreted as evidence that vegetation causes warming.  Predicted cooling benefit is defined as max(ΔT, 0).
2026-07-23 00:53:10,552 [INFO] negi_framework: 
Scenario 2 diagnostics (unclipped predictions):
2026-07-23 00:53:10,552 [INFO] negi_framework:   Fraction warming    : 68.58%
2026-07-23 00:53:10,552 [INFO] negi_framework:   Fraction cooling    : 30.67%
2026-07-23 00:53:10,553 [INFO] negi_framework:   Maximum cooling     : 0.9055 °C
2026-07-23 00:53:10,553 [INFO] negi_framework:   Maximum warming     : 0.3798 °C
2026-07-23 00:53:10,553 [INFO] negi_framework:   First cooling point : 69.50%
2026-07-23 00:53:10,553 [INFO] negi_framework: 
REFERENCE_COOLING_C = 1.2353°C (1.0x observed max |ΔT| = 1.2353°C)
2026-07-23 00:53:10,554 [INFO] negi_framework: 
BENEFIT_SCALE = 0.9055°C  (maximum positive predicted cooling across both scenarios; used for within-study normalisation only).
2026-07-23 00:53:10,554 [INFO] negi_framework: 
Interior-optimum check:
2026-07-23 00:53:10,555 [INFO] negi_framework:   Scenario 1: maximum observed at the lower edge of the evaluated range (0.0%).  This maximum should not be interpreted as a robust interior optimum.
2026-07-23 00:53:10,555 [INFO] negi_framework:   Scenario 2: maximum observed at scenario = 99.0%; may be sensitive to tree partitions.
2026-07-23 00:53:10,555 [INFO] negi_framework: 
[STEP 10] Feature-space support diagnostics...
2026-07-23 00:53:10,593 [INFO] negi_framework: 
[Scenario 1] Feature-space support (1-NN distance, standardised units):
2026-07-23 00:53:10,593 [INFO] negi_framework:   Maximum NN distance : 0.1590
2026-07-23 00:53:10,594 [INFO] negi_framework:   Median NN distance  : 0.0588
2026-07-23 00:53:10,594 [INFO] negi_framework:   95th percentile     : 0.1407
2026-07-23 00:53:10,595 [INFO] negi_framework:   Points beyond 95th percentile (20): scenario = 60.0%, 60.2%, 60.5%, 60.8%, 61.0%, 61.3%, 61.5%, 61.8%, 62.0%, 62.3% (+10 more)
2026-07-23 00:53:10,599 [INFO] negi_framework: 
[Scenario 2] Feature-space support (1-NN distance, standardised units):
2026-07-23 00:53:10,599 [INFO] negi_framework:   Maximum NN distance : 0.1264
2026-07-23 00:53:10,599 [INFO] negi_framework:   Median NN distance  : 0.0591
2026-07-23 00:53:10,599 [INFO] negi_framework:   95th percentile     : 0.1039
2026-07-23 00:53:10,600 [INFO] negi_framework:   Points beyond 95th percentile (20): scenario = 69.5%, 69.8%, 77.0%, 77.2%, 77.5%, 77.8%, 78.0%, 78.2%, 78.5%, 78.8% (+10 more)
2026-07-23 00:53:10,775 [INFO] negi_framework: 
[Scenario 1] Extrapolation check:
2026-07-23 00:53:10,775 [INFO] negi_framework:   Scenario remains entirely within dense training support.
2026-07-23 00:53:10,777 [INFO] negi_framework: 
[Scenario 2] Extrapolation check:
2026-07-23 00:53:10,777 [INFO] negi_framework:   Scenario remains entirely within dense training support.
2026-07-23 00:53:10,778 [INFO] negi_framework: 
Data support diagnostics:
2026-07-23 00:53:10,778 [INFO] negi_framework:   Feature bounds check : PASS
2026-07-23 00:53:10,778 [INFO] negi_framework:   kNN support check    : PASS
2026-07-23 00:53:10,780 [INFO] negi_framework:   Numerical maximum (both checks): scenario = 99.0% (NEGI = 0.005); unvetted value: 99.0%
2026-07-23 00:53:10,780 [INFO] negi_framework:   Points passing both checks: 401/401
2026-07-23 00:53:10,780 [INFO] negi_framework: 
[STEP 11] Computing uncertainty bands (spatial refits)...
2026-07-23 00:53:14,955 [INFO] negi_framework: Saved: C:\Users\Nelly\Desktop\Data\negi_uncertainty_bands.csv
2026-07-23 00:53:14,961 [INFO] negi_framework: Saved: C:\Users\Nelly\Desktop\Data\spatial_refit_summary.csv
2026-07-23 00:53:14,962 [INFO] negi_framework: 
[STEP 12] Sensitivity analysis...
2026-07-23 00:53:15,156 [INFO] negi_framework: Saved: C:\Users\Nelly\Desktop\Data\negi_sensitivity_analysis.csv
2026-07-23 00:53:15,156 [INFO] negi_framework: 
Distinct numerical maximum scenario values across parameter grid: 3
2026-07-23 00:53:15,257 [INFO] negi_framework: Saved: C:\Users\Nelly\Desktop\Data\conditional_ndvi_lst_slopes.csv
2026-07-23 00:53:15,288 [INFO] negi_framework: Saved: C:\Users\Nelly\Desktop\Data\scenario_summary.csv
2026-07-23 00:53:15,295 [INFO] negi_framework: Saved: C:\Users\Nelly\Desktop\Data\scenario_points.csv
2026-07-23 00:53:15,296 [INFO] negi_framework: 
[STEP 13] Generating figures...
2026-07-23 00:53:15,297 [INFO] negi_framework:   [13.1] Validation figures...
2026-07-23 00:53:16,979 [INFO] negi_framework: Saved: C:\Users\Nelly\Desktop\Results\Main\PNG\Figure_01_Observed_vs_Predicted.png
2026-07-23 00:53:17,716 [INFO] negi_framework: Saved: C:\Users\Nelly\Desktop\Results\Supplementary\PNG\Figure_S01_Model_Comparison.png
2026-07-23 00:53:17,717 [INFO] negi_framework:   [13.2] Calibration diagnostics...
2026-07-23 00:53:17,717 [INFO] negi_framework:   [13.3] Residual diagnostics figures...
2026-07-23 00:53:18,581 [INFO] negi_framework: Saved: C:\Users\Nelly\Desktop\Results\Supplementary\PNG\Figure_S07_Residuals_Histogram.png
2026-07-23 00:53:19,368 [INFO] negi_framework: Saved: C:\Users\Nelly\Desktop\Results\Supplementary\PNG\Figure_S06_Residuals_QQ.png
2026-07-23 00:53:21,809 [INFO] negi_framework: 
Breusch-Pagan test (auxiliary-regression approximation (statsmodels unavailable)): statistic = 57.2008, p = 3.93e-14
2026-07-23 00:53:23,160 [INFO] negi_framework: Saved: C:\Users\Nelly\Desktop\Results\Supplementary\PNG\Figure_S05_Residuals_vs_Predicted.png
2026-07-23 00:53:25,142 [INFO] negi_framework: Saved: C:\Users\Nelly\Desktop\Results\Supplementary\PNG\Figure_S08_Residual_Spatial_Map.png
2026-07-23 00:53:25,142 [INFO] negi_framework:   [13.4] Feature importance...
2026-07-23 00:53:25,919 [INFO] negi_framework: Saved: C:\Users\Nelly\Desktop\Results\Main\PNG\Figure_02_Feature_Importance.png
2026-07-23 00:53:25,920 [INFO] negi_framework:   [13.5] Response curves...
2026-07-23 00:53:28,459 [INFO] negi_framework: Saved: C:\Users\Nelly\Desktop\Results\Supplementary\PNG\Figure_S02_NDVI_vs_LST.png
2026-07-23 00:53:29,128 [INFO] negi_framework: Saved: C:\Users\Nelly\Desktop\Results\Main\PNG\Figure_03_LST_Response_to_NDBI.png
2026-07-23 00:53:29,906 [INFO] negi_framework: Saved: C:\Users\Nelly\Desktop\Results\Supplementary\PNG\Figure_S04_NDBI_Response_Uncertainty.png
2026-07-23 00:53:31,098 [INFO] negi_framework: Saved: C:\Users\Nelly\Desktop\Results\Supplementary\PNG\Figure_S03_NDVI_Decile_Analysis.png
2026-07-23 00:53:34,882 [INFO] negi_framework: Saved: C:\Users\Nelly\Desktop\Results\Main\PNG\Figure_06_NDVI_Conditional_by_NDBI.png
2026-07-23 00:53:34,883 [INFO] negi_framework:   [13.6] Response surface...
2026-07-23 00:53:36,771 [INFO] negi_framework: Saved: C:\Users\Nelly\Desktop\Results\Supplementary\PNG\Figure_S12_Response_Surface.png
2026-07-23 00:53:36,771 [INFO] negi_framework:   [13.7] Scenario support...
2026-07-23 00:53:38,992 [INFO] negi_framework: Saved: C:\Users\Nelly\Desktop\Results\Supplementary\PNG\Figure_S13_Scenario2_Data_Support.png
2026-07-23 00:53:38,992 [INFO] negi_framework:   [13.8] Scenario optimization...
2026-07-23 00:53:39,885 [INFO] negi_framework: Saved: C:\Users\Nelly\Desktop\Results\Supplementary\PNG\Figure_S09_NEGI_Smoothing_Robustness.png
2026-07-23 00:53:40,997 [INFO] negi_framework: Saved: C:\Users\Nelly\Desktop\Results\Supplementary\PNG\Figure_S10_NEGI_Exponent_Sensitivity.png
2026-07-23 00:53:42,329 [INFO] negi_framework: Saved: C:\Users\Nelly\Desktop\Results\Supplementary\PNG\Figure_S16_Cooling_Saturation_Diagnostic.png
2026-07-23 00:53:42,329 [INFO] negi_framework:   [13.9] NEGI figures...
2026-07-23 00:53:43,460 [INFO] negi_framework: Saved: C:\Users\Nelly\Desktop\Results\Main\PNG\Figure_04_NEGI_Scenario_Comparison.png
2026-07-23 00:53:44,506 [INFO] negi_framework: Saved: C:\Users\Nelly\Desktop\Results\Supplementary\PNG\Figure_S11_NEGI_Energy_Cost_Comparison.png
2026-07-23 00:53:44,507 [INFO] negi_framework:   [13.10] Uncertainty bands...
2026-07-23 00:53:45,439 [INFO] negi_framework: Saved: C:\Users\Nelly\Desktop\Results\Main\PNG\Figure_05_NEGI_Uncertainty_Bands.png
2026-07-23 00:53:46,194 [INFO] negi_framework: Saved: C:\Users\Nelly\Desktop\Results\Supplementary\PNG\Figure_S14_NEGI_Scenario2_Robustness.png
2026-07-23 00:53:46,195 [INFO] negi_framework:   [13.11] Sensitivity analysis...
2026-07-23 00:53:47,151 [INFO] negi_framework: Saved: C:\Users\Nelly\Desktop\Results\Supplementary\PNG\Figure_S15_Sensitivity_Optimal_NEGI.png
2026-07-23 00:53:47,151 [INFO] negi_framework:   [13.12] Supplementary diagnostics complete.
2026-07-23 00:53:47,151 [INFO] negi_framework: 
[STEP 14] Exporting summary log...
2026-07-23 00:53:47,151 [INFO] negi_framework: 
[STEP 14b] Running automated QA checks...
2026-07-23 00:53:47,152 [INFO] negi_framework: [QA] All automated consistency checks passed.
2026-07-23 00:53:47,155 [INFO] negi_framework: Saved: C:\Users\Nelly\Desktop\Data\full_summary_report.csv
2026-07-23 00:53:47,185 [INFO] negi_framework: Saved: C:\Users\Nelly\Desktop\Data\full_summary_report.md
2026-07-23 00:53:47,186 [INFO] negi_framework: 
Full summary report exported: 94 rows across 19 sections (CSV / Markdown).
2026-07-23 00:53:47,187 [INFO] negi_framework: Saved: C:\Users\Nelly\Desktop\Data\Reproducibility_Report.txt
2026-07-23 00:53:47,188 [INFO] negi_framework: PIPELINE COMPLETE
2026-07-23 00:53:47,188 [INFO] negi_framework:   Figures  -> C:\Users\Nelly\Desktop\Results
2026-07-23 00:53:47,188 [INFO] negi_framework:   Data     -> C:\Users\Nelly\Desktop\Data
2026-07-23 00:53:47,188 [INFO] negi_framework:   Runtime  -> 272.5 s
